
####################################################################################################
2026-02-15 17:51:53.811 File opened successfully
2026-02-15 17:51:53.811 About to read Read File 
2026-02-15 17:51:53.813 Non Integer Found in Read File, skipping this line
2026-02-15 17:51:53.814 Non Integer Found in Read File, skipping this line
2026-02-15 17:51:53.815 Read 3 numbers
2026-02-15 17:51:53.815 Sum 60 
2026-02-15 17:51:53.815 Average 20.0 
2026-02-15 17:51:53.815 Processing Complete 
####################################################################################################
2026-02-15 18:13:01.529 File opened successfully
2026-02-15 18:13:01.533 About to read Read File 
2026-02-15 18:13:01.534 Non Integer Found in Read File, skipping this line
2026-02-15 18:13:01.534 Non Integer Found in Read File, skipping this line
2026-02-15 18:13:01.535 Read 3 numbers
2026-02-15 18:13:01.535 Sum 60 
2026-02-15 18:13:01.535 Average 20.0 
2026-02-15 18:13:01.535 Processing Complete 
####################################################################################################
2026-02-15 18:14:44.437 File opened successfully
2026-02-15 18:14:44.437 About to read Read File 
2026-02-15 18:14:44.438 Non Integer Found in Read File, skipping this line
2026-02-15 18:14:44.438 Non Integer Found in Read File, skipping this line
2026-02-15 18:14:44.438 Read 3 numbers
2026-02-15 18:14:44.438 Sum 60 
2026-02-15 18:14:44.438 Average 20.0 
2026-02-15 18:14:44.438 Processing Complete 
####################################################################################################
2026-02-15 18:15:26.184 File opened successfully
2026-02-15 18:15:26.184 About to read Read File 
2026-02-15 18:15:26.185 Non Integer Found in Read File, skipping this line
2026-02-15 18:15:26.185 Non Integer Found in Read File, skipping this line
2026-02-15 18:15:26.185 Read 3 numbers
2026-02-15 18:15:26.185 Sum 60 
2026-02-15 18:15:26.185 Average 20.0 
2026-02-15 18:15:26.185 Processing Complete 
####################################################################################################
2026-02-15 18:16:23.767 File opened successfully
2026-02-15 18:16:23.767 About to read Read File 
2026-02-15 18:16:23.768 Non Integer Found in Read File, skipping this line
2026-02-15 18:16:23.768 Non Integer Found in Read File, skipping this line
2026-02-15 18:16:23.769 Read 3 numbers
2026-02-15 18:16:23.769 Sum 60 
2026-02-15 18:16:23.769 Average 20.0 
2026-02-15 18:16:23.769 Processing Complete 
####################################################################################################
2026-02-15 19:34:44.797 File opened successfully
2026-02-15 19:34:44.797 About to read Read File 
2026-02-15 19:34:44.798 Non Integer Found in Read File, skipping this line
2026-02-15 19:34:44.798 Non Integer Found in Read File, skipping this line
2026-02-15 19:34:44.799 Read 3 numbers
2026-02-15 19:34:44.799 Sum 60 
2026-02-15 19:34:44.799 Average 20.0 
2026-02-15 19:34:44.799 Processing Complete 
####################################################################################################
2026-02-15 19:50:25.566 File opened successfully
2026-02-15 19:50:25.566 About to read Read File 
2026-02-15 19:50:25.567 Non Integer Found in Read File, skipping this line
2026-02-15 19:50:25.568 Non Integer Found in Read File, skipping this line
2026-02-15 19:50:25.568 Non Integer Found in Read File, skipping this line
2026-02-15 19:50:25.568 Non Integer Found in Read File, skipping this line
2026-02-15 19:50:25.568 Non Integer Found in Read File, skipping this line
2026-02-15 19:50:25.568 Non Integer Found in Read File, skipping this line
2026-02-15 19:50:25.568 Non Integer Found in Read File, skipping this line
2026-02-15 19:50:25.573 Non Integer Found in Read File, skipping this line
2026-02-15 19:50:25.573 Non Integer Found in Read File, skipping this line
2026-02-15 19:50:25.573 Non Integer Found in Read File, skipping this line
2026-02-15 19:50:25.573 Non Integer Found in Read File, skipping this line
2026-02-15 19:50:25.573 Non Integer Found in Read File, skipping this line
2026-02-15 19:50:25.573 Non Integer Found in Read File, skipping this line
2026-02-15 19:50:25.573 Non Integer Found in Read File, skipping this line
2026-02-15 19:50:25.573 Non Integer Found in Read File, skipping this line
2026-02-15 19:50:25.575 Read 1 numbers
2026-02-15 19:50:25.575 Sum 30 
2026-02-15 19:50:25.575 Average 30.0 
2026-02-15 19:50:25.575 Processing Complete 
####################################################################################################
2026-02-15 19:57:11.973 File opened successfully
2026-02-15 19:57:11.973 About to read Read File 
2026-02-15 19:57:11.974 Non Integer Found in Read File, skipping this line
2026-02-15 19:57:11.974 Non Integer Found in Read File, skipping this line
2026-02-15 19:57:11.974 Non Integer Found in Read File, skipping this line
2026-02-15 19:57:11.974 Non Integer Found in Read File, skipping this line
2026-02-15 19:57:11.974 Non Integer Found in Read File, skipping this line
2026-02-15 19:57:11.975 Non Integer Found in Read File, skipping this line
2026-02-15 19:57:11.975 Non Integer Found in Read File, skipping this line
2026-02-15 19:57:11.975 Non Integer Found in Read File, skipping this line
2026-02-15 19:57:11.975 Non Integer Found in Read File, skipping this line
2026-02-15 19:57:11.975 Non Integer Found in Read File, skipping this line
2026-02-15 19:57:11.975 Non Integer Found in Read File, skipping this line
2026-02-15 19:57:11.975 Non Integer Found in Read File, skipping this line
2026-02-15 19:57:11.975 Non Integer Found in Read File, skipping this line
2026-02-15 19:57:11.975 Non Integer Found in Read File, skipping this line
2026-02-15 19:57:11.975 Non Integer Found in Read File, skipping this line
2026-02-15 19:57:11.976 Read 1 numbers
2026-02-15 19:57:11.976 Sum 30 
2026-02-15 19:57:11.976 Average 30.0 
2026-02-15 19:57:11.976 Processing Complete 
####################################################################################################
2026-02-15 19:59:13.213 File opened successfully
2026-02-15 19:59:13.213 About to read Read File 
2026-02-15 19:59:13.214 Non Integer Found in Read File, skipping this line
2026-02-15 19:59:13.214 Non Integer Found in Read File, skipping this line
2026-02-15 19:59:13.214 Non Integer Found in Read File, skipping this line
2026-02-15 19:59:13.214 Non Integer Found in Read File, skipping this line
2026-02-15 19:59:13.214 Non Integer Found in Read File, skipping this line
2026-02-15 19:59:13.214 Non Integer Found in Read File, skipping this line
2026-02-15 19:59:13.214 Non Integer Found in Read File, skipping this line
2026-02-15 19:59:13.214 Non Integer Found in Read File, skipping this line
2026-02-15 19:59:13.215 Non Integer Found in Read File, skipping this line
2026-02-15 19:59:13.215 Non Integer Found in Read File, skipping this line
2026-02-15 19:59:13.215 Non Integer Found in Read File, skipping this line
2026-02-15 19:59:13.215 Non Integer Found in Read File, skipping this line
2026-02-15 19:59:13.215 Non Integer Found in Read File, skipping this line
2026-02-15 19:59:13.215 Non Integer Found in Read File, skipping this line
2026-02-15 19:59:13.215 Non Integer Found in Read File, skipping this line
2026-02-15 19:59:13.215 Read 1 numbers
2026-02-15 19:59:13.215 Sum 30 
2026-02-15 19:59:13.215 Average 30.0 
2026-02-15 19:59:13.215 Processing Complete 